
> pifitness-frontend@0.1.0 test
> vitest run

node.exe : [33m(!) Your Vite config uses features that are unsupported by `configLoader: 
'native'`, which is planned to become the default in a future major version of Vite:
At line:1 char:1
+ & "C:\Program Files\nodejs/node.exe" "C:\Program Files\nodejs/node_mo ...
+ ~~~~~~~~~~~~~~~~~~~~~~~~~~~~~~~~~~~~~~~~~~~~~~~~~~~~~~~~~~~~~~~~~~~~~
    + CategoryInfo          : NotSpecified: ([33m(!) Your V...ersion of Vite::String) [], Remo 
   teException
    + FullyQualifiedErrorId : NativeCommandError
 
  - ESM syntax in a file loaded as CommonJS (vitest.config.ts:11:1). Use a `.mjs` extension or 
set `"type": "module"` in the closest package.json
Set `VITE_CONFIG_NATIVE_IGNORE_WARNING=true` to suppress this warning.[39m

[1m[30m[46m RUN [49m[39m[22m [36mv5.0.1 [39m[90mC:/Users/rickb/vsProjects/PiFitness/frontend/pifitness[39m

 [32mΓ£ô[39m src/lib/__tests__/map-styles.test.ts [2m([22m[2m11 tests[22m[2m)[22m[32m 6[2mms[22m[39m
 [32mΓ£ô[39m src/lib/__tests__/date-format.test.ts [2m([22m[2m7 tests[22m[2m)[22m[32m 7[2mms[22m[39m
 [32mΓ£ô[39m src/lib/__tests__/segment-trim.test.ts [2m([22m[2m15 tests[22m[2m)[22m[32m 8[2mms[22m[39m
 [32mΓ£ô[39m src/app/components/__tests__/IsrcDupeHomeBanner.test.tsx [2m([22m[2m3 tests[22m[2m)[22m[32m 58[2mms[22m[39m
 [32mΓ£ô[39m src/app/activities/segment-management/components/__tests__/MapStyleSelector.test.tsx [2m([22m[2m8 tests[22m[2m)[22m[32m 166[2mms[22m[39m
 [32mΓ£ô[39m src/app/activities/segment-management/components/__tests__/ActivitySourceList.test.tsx [2m([22m[2m7 tests[22m[2m)[22m[33m 599[2mms[22m[39m
 [32mΓ£ô[39m src/app/music/components/__tests__/IsrcReviewView.test.tsx [2m([22m[2m8 tests[22m[2m)[22m[33m 816[2mms[22m[39m
 [31mΓ¥»[39m src/app/activities/segment-management/components/__tests__/SegmentTrimEditor.test.tsx [2m([22m[2m7 tests[22m[2m | [22m[31m3 failed[39m[2m)[22m[33m 3957[2mms[22m[39m
   [31mΓ¥»[39m SegmentTrimEditor [2m(7)[22m
[31m     [31m├ù[31m shows the activity meta and the selected range (AC-2/AC-4)[39m[33m 1056[2mms[22m[39m
[31m     [31m├ù[31m re-bounds the displayed range when a gate moves (AC-4)[39m[33m 1178[2mms[22m[39m
[31m     [31m├ù[31m sends the gate meters and chosen kind, then confirms the new id (AC-5)[39m[33m 1240[2mms[22m[39m
     [32mΓ£ô[39m refuses to create without a name (AC-5)[32m 75[2mms[22m[39m
     [33m[2mΓ£ô[22m[39m offers both AC-6 controls: choose new activity, or new segment from the same activity[33m 330[2mms[22m[39m
     [32mΓ£ô[39m reports a route-load failure with a retry (error state)[32m 62[2mms[22m[39m
     [32mΓ£ô[39m explains when the activity has no GPS route (empty state)[32m 16[2mms[22m[39m

[31mΓÄ»ΓÄ»ΓÄ»ΓÄ»ΓÄ»ΓÄ»ΓÄ»[39m[1m[41m Failed Tests 3 
[49m[22m[31mΓÄ»ΓÄ»ΓÄ»ΓÄ»ΓÄ»ΓÄ»ΓÄ»[39m

[41m[1m FAIL [22m[49m 
src/app/activities/segment-management/components/__tests__/SegmentTrimEditor.test.tsx[2m > 
[22mSegmentTrimEditor[2m > [22mshows the activity meta and the selected range (AC-2/AC-4)
[31m[1mTestingLibraryElementError[22m[39m: Unable to find an element with the text: 
/Selected range: 0ΓÇô1111 m \(0\.69 mi\)/. This could be because the text is broken up by 
multiple elements. In this case, you can provide a function for your text matcher to make your 
matcher more flexible.

Ignored nodes: comments, script, style
[36m<body>[39m
  [36m<div>[39m
    [36m<div[39m
      [33mclass[39m=[32m"space-y-3"[39m
    [36m>[39m
      [36m<div[39m
        [33mclass[39m=[32m"bg-white dark:bg-gray-800 border border-gray-200 
dark:border-gray-700 rounded-md p-3"[39m
      [36m>[39m
        [36m<p[39m
          [33mclass[39m=[32m"text-sm text-gray-700 dark:text-gray-300"[39m
        [36m>[39m
          [0mID# [0m
          [36m<span[39m
            [33mclass[39m=[32m"font-semibold tabular-nums"[39m
          [36m>[39m
            [0m24408723933[0m
          [36m</span>[39m
          [0m @[0m
          [0m [0m
          [0m18 Sep 2026[0m
          [0m | [0m
          [0m1.00[0m
          [0m mi[0m
        [36m</p>[39m
      [36m</div>[39m
      [36m<div[39m
        [33mclass[39m=[32m"max-w-md"[39m
      [36m>[39m
        [36m<label[39m
          [33mclass[39m=[32m"block text-xs font-medium text-gray-500 dark:text-gray-400 
mb-1"[39m
          [33mfor[39m=[32m"seg-name"[39m
        [36m>[39m
          [0mSegment Name[0m
        [36m</label>[39m
        [36m<input[39m
          [33mclass[39m=[32m"w-full rounded-md border border-gray-300 dark:border-gray-600 
bg-white dark:bg-gray-800 text-gray-900 dark:text-white px-3 py-1.5 text-sm focus:outline-none 
focus:ring-2 focus:ring-blue-500"[39m
          [33mid[39m=[32m"seg-name"[39m
          [33mmaxlength[39m=[32m"200"[39m
          [33mtype[39m=[32m"text"[39m
          [33mvalue[39m=[32m""[39m
        [36m/>[39m
      [36m</div>[39m
      [36m<div[39m
        [33mclass[39m=[32m"space-y-3"[39m
      [36m>[39m
        [36m<div[39m
          [33mclass[39m=[32m"max-w-xs"[39m
        [36m>[39m
          [36m<label[39m
            [33mclass[39m=[32m"block text-xs font-medium text-gray-500 dark:text-gray-400 
mb-1"[39m
            [33mfor[39m=[32m"seg-map-style"[39m
          [36m>[39m
            [0mMap Style[0m
          [36m</label>[39m
          [36m<select[39m
            [33mclass[39m=[32m"w-full rounded-md border border-gray-300 dark:border-gray-600 
bg-white dark:bg-gray-800 text-gray-900 dark:text-white px-3 py-1.5 text-sm focus:outline-none 
focus:ring-2 focus:ring-blue-500 disabled:opacity-60"[39m
            [33mid[39m=[32m"seg-map-style"[39m
          [36m>[39m
            [36m<option[39m
              [33mvalue[39m=[32m"positron"[39m
            [36m>[39m
              [0mPositron[0m
            [36m</option>[39m
          [36m</select>[39m
        [36m</div>[39m
        [36m<div[39m
          [33maria-label[39m=[32m"Trimmed route from 0 to 1112 meters"[39m
          [33mclass[39m=[32m"w-full rounded-md overflow-hidden border border-gray-200 
dark:border-gray-700 "[39m
          [33mrole[39m=[32m"img"[39m
          [33mstyle[39m=[32m"height: 240px;"[39m
        [36m/>[39m
        [36m<div[39m
          [33mclass[39m=[32m"grid gap-3 grid-cols-1"[39m
        [36m>[39m
          [36m<div>[39m
            [36m<p[39m
              [33mclass[39m=[32m"text-xs font-medium text-gray-500 dark:text-gray-400 
mb-1"[39m
            [36m>[39m
              [0mStart gate ┬╖ first [0m
              [0m150[0m
              [0m m[0m
            [36m</p>[39m
            [36m<div[39m
              [33maria-label[39m=[32m"Route near the start gate at 0 meters"[39m
              [33mclass[39m=[32m"w-full rounded-md overflow-hidden border border-gray-200 
dark:border-gray-700 "[39m
              [33mrole[39m=[32m"img"[39m
              [33mstyle[39m=[32m"height: 150px;"[39m
            [36m/>[39m
          [36m</div>[39m
          [36m<div>[39m
            [36m<p[39m
              [33mclass[39m=[32m"text-xs font-medium text-gray-500 dark:text-gray-400 
mb-1"[39m
            [36m>[39m
              [0mEnd gate ┬╖ last [0m
              [0m150[0m
              [0m m[0m
            [36m</p>[39m
            [36m<div[39m
              [33maria-label[39m=[32m"Route near the end gate at 1112 meters"[39m
              [33mclass[39m=[32m"w-full rounded-md overflow-hidden border border-gray-200 
dark:border-gray-700 "[39m
              [33mrole[39m=[32m"img"[39m
              [33mstyle[39m=[32m"height: 150px;"[39m
            [36m/>[39m
          [36m</div>[39m
        [36m</div>[39m
        [36m<div[39m
          [33mdata-testid[39m=[32m"elevation"[39m
        [36m/>[39m
      [36m</div>[39m
      [36m<div[39m
        [33mclass[39m=[32m"grid grid-cols-1 sm:grid-cols-2 gap-3"[39m
      [36m>[39m
        [36m<div>[39m
          [36m<label[39m
            [33mclass[39m=[32m"block text-xs font-medium text-gray-500 dark:text-gray-400 
mb-1"[39m
            [33mfor[39m=[32m"seg-gate-start"[39m
          [36m>[39m
            [0mSelect start gate[0m
          [36m</label>[39m
          [36m<input[39m
            [33mclass[39m=[32m"w-full rounded-md border border-gray-300 dark:border-gray-600 
bg-white dark:bg-gray-800 text-gray-900 dark:text-white px-3 py-1.5 text-sm tabular-nums 
focus:outline-none focus:ring-2 focus:ring-blue-500"[39m
            [33mid[39m=[32m"seg-gate-start"[39m
            [33mmax[39m=[32m"1112"[39m
            [33mmin[39m=[32m"0"[39m
            [33mstep[39m=[32m"5"[39m
            [33mtype[39m=[32m"number"[39m
            [33mvalue[39m=[32m"0"[39m
          [36m/>[39m
        [36m</div>[39m
        [36m<div>[39m
          [36m<label[39m
            [33mclass[39m=[32m"block text-xs font-medium text-gray-500 dark:text-gray-400 
mb-1"[39m
            [33mfor[39m=[32m"seg-gate-end"[39m
          [36m>[39m
            [0mSelect end gate[0m
          [36m</label>[39m
          [36m<input[39m
            [33mclass[39m=[32m"w-full rounded-md border border-gray-300 dark:border-gray-600 
bg-white dark:bg-gray-800 text-gray-900 dark:text-white px-3 py-1.5 text-sm tabular-nums 
focus:outline-none focus:ring-2 focus:ring-blue-500"[39m
            [33mid[39m=[32m"seg-gate-end"[39m
            [33mmax[39m=[32m"1112"[39m
            [33mmin[39m=[32m"0"[39m
            [33mstep[39m=[32m"5"[39m
            [33mtype[39m=[32m"number"[39m
            [33mvalue[39m=[32m"1112"[39m
          [36m/>[39m
        [36m</div>[39m
      [36m</div>[39m
      [36m<p[39m
        [33mclass[39m=[32m"text-xs text-gray-500 dark:text-gray-400"[39m
      [36m>[39m
        [0mSelected range: [0m
        [0m0[0m
        [0mΓÇô[0m
        [0m1112[0m
        [0m m ([0m
        [0m0.69[0m
        [0m mi)[0m
      [36m</p>[39m
      [36m<div[39m
        [33mclass[39m=[32m"flex flex-wrap items-center gap-2"[39m
      [36m>[39m
        [36m<button[39m
          [33mclass[39m=[32m"px-3 py-2 text-sm font-medium rounded-md bg-blue-600 text-white 
hover:bg-blue-700 disabled:opacity-50 focus:outline-none focus:ring-2 focus:ring-blue-500"[39m
          [33mtype[39m=[32m"button"[39m
        [36m>[39m
          [0mCreate Course[0m
        [36m</button>[39m
        [36m<button[39m
          [33mclass[39m=[32m"px-3 py-2 text-sm font-medium rounded-md bg-blue-600 text-white 
hover:bg-blue-700 disabled:opacity-50 focus:outline-none focus:ring-2 focus:ring-blue-500"[39m
          [33mtype[39m=[32m"button"[39m
        [36m>[39m
          [0mCreate Segment[0m
        [36m</button>[39m
        [36m<button[39m
          [33mclass[39m=[32m"px-3 py-2 text-sm font-medium rounded-md border border-gray-300 
dark:border-gray-600 text-gray-700 dark:text-gray-200 hover:bg-gray-100 dark:hover:bg-gray-700 
focus:outline-none focus:ring-2 focus:ring-blue-500"[39m
          [33mtype[39m=[32m"button"[39m
        [36m>[39m
          [0mChoose new activity[0m
        [36m</button>[39m
        [36m<button[39m
          [33mclass[39m=[32m"px-3 py-2 text-sm font-medium rounded-md border border-gray-300 
dark:border-gray-600 text-gray-700 dark:text-gray-200 hover:bg-gray-100 dark:hover:bg-gray-700 
focus:outline-none focus:ring-2 focus:ring-blue-500"[39m
          [33mtype[39m=[32m"button"[39m
        [36m>[39m
          [0mNew segment from same activity[0m
        [36m</button>[39m
      [36m</div>[39m
    [36m</div>[39m
  [36m</div>[39m
[36m</body>[39m

Ignored nodes: comments, script, style
[36m<body>[39m
  [36m<div>[39m
    [36m<div[39m
      [33mclass[39m=[32m"space-y-3"[39m
    [36m>[39m
      [36m<div[39m
        [33mclass[39m=[32m"bg-white dark:bg-gray-800 border border-gray-200 
dark:border-gray-700 rounded-md p-3"[39m
      [36m>[39m
        [36m<p[39m
          [33mclass[39m=[32m"text-sm text-gray-700 dark:text-gray-300"[39m
        [36m>[39m
          [0mID# [0m
          [36m<span[39m
            [33mclass[39m=[32m"font-semibold tabular-nums"[39m
          [36m>[39m
            [0m24408723933[0m
          [36m</span>[39m
          [0m @[0m
          [0m [0m
          [0m18 Sep 2026[0m
          [0m | [0m
          [0m1.00[0m
          [0m mi[0m
        [36m</p>[39m
      [36m</div>[39m
      [36m<div[39m
        [33mclass[39m=[32m"max-w-md"[39m
      [36m>[39m
        [36m<label[39m
          [33mclass[39m=[32m"block text-xs font-medium text-gray-500 dark:text-gray-400 
mb-1"[39m
          [33mfor[39m=[32m"seg-name"[39m
        [36m>[39m
          [0mSegment Name[0m
        [36m</label>[39m
        [36m<input[39m
          [33mclass[39m=[32m"w-full rounded-md border border-gray-300 dark:border-gray-600 
bg-white dark:bg-gray-800 text-gray-900 dark:text-white px-3 py-1.5 text-sm focus:outline-none 
focus:ring-2 focus:ring-blue-500"[39m
          [33mid[39m=[32m"seg-name"[39m
          [33mmaxlength[39m=[32m"200"[39m
          [33mtype[39m=[32m"text"[39m
          [33mvalue[39m=[32m""[39m
        [36m/>[39m
      [36m</div>[39m
      [36m<div[39m
        [33mclass[39m=[32m"space-y-3"[39m
      [36m>[39m
        [36m<div[39m
          [33mclass[39m=[32m"max-w-xs"[39m
        [36m>[39m
          [36m<label[39m
            [33mclass[39m=[32m"block text-xs font-medium text-gray-500 dark:text-gray-400 
mb-1"[39m
            [33mfor[39m=[32m"seg-map-style"[39m
          [36m>[39m
            [0mMap Style[0m
          [36m</label>[39m
          [36m<select[39m
            [33mclass[39m=[32m"w-full rounded-md border border-gray-300 dark:border-gray-600 
bg-white dark:bg-gray-800 text-gray-900 dark:text-white px-3 py-1.5 text-sm focus:outline-none 
focus:ring-2 focus:ring-blue-500 disabled:opacity-60"[39m
            [33mid[39m=[32m"seg-map-style"[39m
          [36m>[39m
            [36m<option[39m
              [33mvalue[39m=[32m"positron"[39m
            [36m>[39m
              [0mPositron[0m
            [36m</option>[39m
          [36m</select>[39m
        [36m</div>[39m
        [36m<div[39m
          [33maria-label[39m=[32m"Trimmed route from 0 to 1112 meters"[39m
          [33mclass[39m=[32m"w-full rounded-md overflow-hidden border border-gray-200 
dark:border-gray-700 "[39m
          [33mrole[39m=[32m"img"[39m
          [33mstyle[39m=[32m"height: 240px;"[39m
        [36m/>[39m
        [36m<div[39m
          [33mclass[39m=[32m"grid gap-3 grid-cols-1"[39m
        [36m>[39m
          [36m<div>[39m
            [36m<p[39m
              [33mclass[39m=[32m"text-xs font-medium text-gray-500 dark:text-gray-400 
mb-1"[39m
            [36m>[39m
              [0mStart gate ┬╖ first [0m
              [0m150[0m
              [0m m[0m
            [36m</p>[39m
            [36m<div[39m
              [33maria-label[39m=[32m"Route near the start gate at 0 meters"[39m
              [33mclass[39m=[32m"w-full rounded-md overflow-hidden border border-gray-200 
dark:border-gray-700 "[39m
              [33mrole[39m=[32m"img"[39m
              [33mstyle[39m=[32m"height: 150px;"[39m
            [36m/>[39m
          [36m</div>[39m
          [36m<div>[39m
            [36m<p[39m
              [33mclass[39m=[32m"text-xs font-medium text-gray-500 dark:text-gray-400 
mb-1"[39m
            [36m>[39m
              [0mEnd gate ┬╖ last [0m
              [0m150[0m
              [0m m[0m
            [36m</p>[39m
            [36m<div[39m
              [33maria-label[39m=[32m"Route near the end gate at 1112 meters"[39m
              [33mclass[39m=[32m"w-full rounded-md overflow-hidden border border-gray-200 
dark:border-gray-700 "[39m
              [33mrole[39m=[32m"img"[39m
              [33mstyle[39m=[32m"height: 150px;"[39m
            [36m/>[39m
          [36m</div>[39m
        [36m</div>[39m
        [36m<div[39m
          [33mdata-testid[39m=[32m"elevation"[39m
        [36m/>[39m
      [36m</div>[39m
      [36m<div[39m
        [33mclass[39m=[32m"grid grid-cols-1 sm:grid-cols-2 gap-3"[39m
      [36m>[39m
        [36m<div>[39m
          [36m<label[39m
            [33mclass[39m=[32m"block text-xs font-medium text-gray-500 dark:text-gray-400 
mb-1"[39m
            [33mfor[39m=[32m"seg-gate-start"[39m
          [36m>[39m
            [0mSelect start gate[0m
          [36m</label>[39m
          [36m<input[39m
            [33mclass[39m=[32m"w-full rounded-md border border-gray-300 dark:border-gray-600 
bg-white dark:bg-gray-800 text-gray-900 dark:text-white px-3 py-1.5 text-sm tabular-nums 
focus:outline-none focus:ring-2 focus:ring-blue-500"[39m
            [33mid[39m=[32m"seg-gate-start"[39m
            [33mmax[39m=[32m"1112"[39m
            [33mmin[39m=[32m"0"[39m
            [33mstep[39m=[32m"5"[39m
            [33mtype[39m=[32m"number"[39m
            [33mvalue[39m=[32m"0"[39m
          [36m/>[39m
        [36m</div>[39m
        [36m<div>[39m
          [36m<label[39m
            [33mclass[39m=[32m"block text-xs font-medium text-gray-500 dark:text-gray-400 
mb-1"[39m
            [33mfor[39m=[32m"seg-gate-end"[39m
          [36m>[39m
            [0mSelect end gate[0m
          [36m</label>[39m
          [36m<input[39m
            [33mclass[39m=[32m"w-full rounded-md border border-gray-300 dark:border-gray-600 
bg-white dark:bg-gray-800 text-gray-900 dark:text-white px-3 py-1.5 text-sm tabular-nums 
focus:outline-none focus:ring-2 focus:ring-blue-500"[39m
            [33mid[39m=[32m"seg-gate-end"[39m
            [33mmax[39m=[32m"1112"[39m
            [33mmin[39m=[32m"0"[39m
            [33mstep[39m=[32m"5"[39m
            [33mtype[39m=[32m"number"[39m
            [33mvalue[39m=[32m"1112"[39m
          [36m/>[39m
        [36m</div>[39m
      [36m</div>[39m
      [36m<p[39m
        [33mclass[39m=[32m"text-xs text-gray-500 dark:text-gray-400"[39m
      [36m>[39m
        [0mSelected range: [0m
        [0m0[0m
        [0mΓÇô[0m
        [0m1112[0m
        [0m m ([0m
        [0m0.69[0m
        [0m mi)[0m
      [36m</p>[39m
      [36m<div[39m
        [33mclass[39m=[32m"flex flex-wrap items-center gap-2"[39m
      [36m>[39m
        [36m<button[39m
          [33mclass[39m=[32m"px-3 py-2 text-sm font-medium rounded-md bg-blue-600 text-white 
hover:bg-blue-700 disabled:opacity-50 focus:outline-none focus:ring-2 focus:ring-blue-500"[39m
          [33mtype[39m=[32m"button"[39m
        [36m>[39m
          [0mCreate Course[0m
        [36m</button>[39m
        [36m<button[39m
          [33mclass[39m=[32m"px-3 py-2 text-sm font-medium rounded-md bg-blue-600 text-white 
hover:bg-blue-700 disabled:opacity-50 focus:outline-none focus:ring-2 focus:ring-blue-500"[39m
          [33mtype[39m=[32m"button"[39m
        [36m>[39m
          [0mCreate Segment[0m
        [36m</button>[39m
        [36m<button[39m
          [33mclass[39m=[32m"px-3 py-2 text-sm font-medium rounded-md border border-gray-300 
dark:border-gray-600 text-gray-700 dark:text-gray-200 hover:bg-gray-100 dark:hover:bg-gray-700 
focus:outline-none focus:ring-2 focus:ring-blue-500"[39m
          [33mtype[39m=[32m"button"[39m
        [36m>[39m
          [0mChoose new activity[0m
        [36m</button>[39m
        [36m<button[39m
          [33mclass[39m=[32m"px-3 py-2 text-sm font-medium rounded-md border border-gray-300 
dark:border-gray-600 text-gray-700 dark:text-gray-200 hover:bg-gray-100 dark:hover:bg-gray-700 
focus:outline-none focus:ring-2 focus:ring-blue-500"[39m
          [33mtype[39m=[32m"button"[39m
        [36m>[39m
          [0mNew segment from same activity[0m
        [36m</button>[39m
      [36m</div>[39m
    [36m</div>[39m
  [36m</div>[39m
[36m</body>[39m
[90m [2mΓ¥»[22m waitForWrapper 
node_modules/@testing-library/dom/dist/wait-for.js:[2m163:27[22m[39m
[90m [2mΓ¥»[22m node_modules/@testing-library/dom/dist/query-helpers.js:[2m86:33[22m[39m
[36m [2mΓ¥»[22m src/app/activities/segment-management/components/__tests__/SegmentTrimEditor.
test.tsx:[2m91:25[22m[39m
    [90m 89|[39m     expect(await screen.findByText(/24408723933/)).toBeInTheDocument();
    [90m 90|[39m     expect(screen.getByText(/1\.00 mi/)).toBeInTheDocument();
    [90m 91|[39m     expect(await screen.findByText(/Selected range: 0ΓÇô1111 m \(0\.69 mΓÇª
    [90m   |[39m                         [31m^[39m
    [90m 92|[39m   });
    [90m 93|[39m

[31m[2mΓÄ»ΓÄ»ΓÄ»ΓÄ»ΓÄ»ΓÄ»ΓÄ»ΓÄ»ΓÄ»ΓÄ»ΓÄ»ΓÄ»ΓÄ»ΓÄ»ΓÄ»ΓÄ»ΓÄ»ΓÄ»ΓÄ»ΓÄ»ΓÄ»ΓÄ»ΓÄ»ΓÄ»[1/3]ΓÄ»[22m[
39m

[41m[1m FAIL [22m[49m 
src/app/activities/segment-management/components/__tests__/SegmentTrimEditor.test.tsx[2m > 
[22mSegmentTrimEditor[2m > [22mre-bounds the displayed range when a gate moves (AC-4)
[31m[1mTestingLibraryElementError[22m[39m: Unable to find an element with the text: 
/Selected range: 500ΓÇô1111 m \(0\.38 mi\)/. This could be because the text is broken up by 
multiple elements. In this case, you can provide a function for your text matcher to make your 
matcher more flexible.

Ignored nodes: comments, script, style
[36m<body>[39m
  [36m<div>[39m
    [36m<div[39m
      [33mclass[39m=[32m"space-y-3"[39m
    [36m>[39m
      [36m<div[39m
        [33mclass[39m=[32m"bg-white dark:bg-gray-800 border border-gray-200 
dark:border-gray-700 rounded-md p-3"[39m
      [36m>[39m
        [36m<p[39m
          [33mclass[39m=[32m"text-sm text-gray-700 dark:text-gray-300"[39m
        [36m>[39m
          [0mID# [0m
          [36m<span[39m
            [33mclass[39m=[32m"font-semibold tabular-nums"[39m
          [36m>[39m
            [0m24408723933[0m
          [36m</span>[39m
          [0m @[0m
          [0m [0m
          [0m18 Sep 2026[0m
          [0m | [0m
          [0m1.00[0m
          [0m mi[0m
        [36m</p>[39m
      [36m</div>[39m
      [36m<div[39m
        [33mclass[39m=[32m"max-w-md"[39m
      [36m>[39m
        [36m<label[39m
          [33mclass[39m=[32m"block text-xs font-medium text-gray-500 dark:text-gray-400 
mb-1"[39m
          [33mfor[39m=[32m"seg-name"[39m
        [36m>[39m
          [0mSegment Name[0m
        [36m</label>[39m
        [36m<input[39m
          [33mclass[39m=[32m"w-full rounded-md border border-gray-300 dark:border-gray-600 
bg-white dark:bg-gray-800 text-gray-900 dark:text-white px-3 py-1.5 text-sm focus:outline-none 
focus:ring-2 focus:ring-blue-500"[39m
          [33mid[39m=[32m"seg-name"[39m
          [33mmaxlength[39m=[32m"200"[39m
          [33mtype[39m=[32m"text"[39m
          [33mvalue[39m=[32m""[39m
        [36m/>[39m
      [36m</div>[39m
      [36m<div[39m
        [33mclass[39m=[32m"space-y-3"[39m
      [36m>[39m
        [36m<div[39m
          [33mclass[39m=[32m"max-w-xs"[39m
        [36m>[39m
          [36m<label[39m
            [33mclass[39m=[32m"block text-xs font-medium text-gray-500 dark:text-gray-400 
mb-1"[39m
            [33mfor[39m=[32m"seg-map-style"[39m
          [36m>[39m
            [0mMap Style[0m
          [36m</label>[39m
          [36m<select[39m
            [33mclass[39m=[32m"w-full rounded-md border border-gray-300 dark:border-gray-600 
bg-white dark:bg-gray-800 text-gray-900 dark:text-white px-3 py-1.5 text-sm focus:outline-none 
focus:ring-2 focus:ring-blue-500 disabled:opacity-60"[39m
            [33mid[39m=[32m"seg-map-style"[39m
          [36m>[39m
            [36m<option[39m
              [33mvalue[39m=[32m"positron"[39m
            [36m>[39m
              [0mPositron[0m
            [36m</option>[39m
          [36m</select>[39m
        [36m</div>[39m
        [36m<div[39m
          [33maria-label[39m=[32m"Trimmed route from 500 to 1112 meters"[39m
          [33mclass[39m=[32m"w-full rounded-md overflow-hidden border border-gray-200 
dark:border-gray-700 "[39m
          [33mrole[39m=[32m"img"[39m
          [33mstyle[39m=[32m"height: 240px;"[39m
        [36m/>[39m
        [36m<div[39m
          [33mclass[39m=[32m"grid gap-3 grid-cols-1"[39m
        [36m>[39m
          [36m<div>[39m
            [36m<p[39m
              [33mclass[39m=[32m"text-xs font-medium text-gray-500 dark:text-gray-400 
mb-1"[39m
            [36m>[39m
              [0mStart gate ┬╖ first [0m
              [0m150[0m
              [0m m[0m
            [36m</p>[39m
            [36m<div[39m
              [33maria-label[39m=[32m"Route near the start gate at 500 meters"[39m
              [33mclass[39m=[32m"w-full rounded-md overflow-hidden border border-gray-200 
dark:border-gray-700 "[39m
              [33mrole[39m=[32m"img"[39m
              [33mstyle[39m=[32m"height: 150px;"[39m
            [36m/>[39m
          [36m</div>[39m
          [36m<div>[39m
            [36m<p[39m
              [33mclass[39m=[32m"text-xs font-medium text-gray-500 dark:text-gray-400 
mb-1"[39m
            [36m>[39m
              [0mEnd gate ┬╖ last [0m
              [0m150[0m
              [0m m[0m
            [36m</p>[39m
            [36m<div[39m
              [33maria-label[39m=[32m"Route near the end gate at 1112 meters"[39m
              [33mclass[39m=[32m"w-full rounded-md overflow-hidden border border-gray-200 
dark:border-gray-700 "[39m
              [33mrole[39m=[32m"img"[39m
              [33mstyle[39m=[32m"height: 150px;"[39m
            [36m/>[39m
          [36m</div>[39m
        [36m</div>[39m
        [36m<div[39m
          [33mdata-testid[39m=[32m"elevation"[39m
        [36m/>[39m
      [36m</div>[39m
      [36m<div[39m
        [33mclass[39m=[32m"grid grid-cols-1 sm:grid-cols-2 gap-3"[39m
      [36m>[39m
        [36m<div>[39m
          [36m<label[39m
            [33mclass[39m=[32m"block text-xs font-medium text-gray-500 dark:text-gray-400 
mb-1"[39m
            [33mfor[39m=[32m"seg-gate-start"[39m
          [36m>[39m
            [0mSelect start gate[0m
          [36m</label>[39m
          [36m<input[39m
            [33mclass[39m=[32m"w-full rounded-md border border-gray-300 dark:border-gray-600 
bg-white dark:bg-gray-800 text-gray-900 dark:text-white px-3 py-1.5 text-sm tabular-nums 
focus:outline-none focus:ring-2 focus:ring-blue-500"[39m
            [33mid[39m=[32m"seg-gate-start"[39m
            [33mmax[39m=[32m"1112"[39m
            [33mmin[39m=[32m"0"[39m
            [33mstep[39m=[32m"5"[39m
            [33mtype[39m=[32m"number"[39m
            [33mvalue[39m=[32m"0"[39m
          [36m/>[39m
        [36m</div>[39m
        [36m<div>[39m
          [36m<label[39m
            [33mclass[39m=[32m"block text-xs font-medium text-gray-500 dark:text-gray-400 
mb-1"[39m
            [33mfor[39m=[32m"seg-gate-end"[39m
          [36m>[39m
            [0mSelect end gate[0m
          [36m</label>[39m
          [36m<input[39m
            [33mclass[39m=[32m"w-full rounded-md border border-gray-300 dark:border-gray-600 
bg-white dark:bg-gray-800 text-gray-900 dark:text-white px-3 py-1.5 text-sm tabular-nums 
focus:outline-none focus:ring-2 focus:ring-blue-500"[39m
            [33mid[39m=[32m"seg-gate-end"[39m
            [33mmax[39m=[32m"1112"[39m
            [33mmin[39m=[32m"0"[39m
            [33mstep[39m=[32m"5"[39m
            [33mtype[39m=[32m"number"[39m
            [33mvalue[39m=[32m"1112"[39m
          [36m/>[39m
        [36m</div>[39m
      [36m</div>[39m
      [36m<p[39m
        [33mclass[39m=[32m"text-xs text-gray-500 dark:text-gray-400"[39m
      [36m>[39m
        [0mSelected range: [0m
        [0m500[0m
        [0mΓÇô[0m
        [0m1112[0m
        [0m m ([0m
        [0m0.38[0m
        [0m mi)[0m
      [36m</p>[39m
      [36m<div[39m
        [33mclass[39m=[32m"flex flex-wrap items-center gap-2"[39m
      [36m>[39m
        [36m<button[39m
          [33mclass[39m=[32m"px-3 py-2 text-sm font-medium rounded-md bg-blue-600 text-white 
hover:bg-blue-700 disabled:opacity-50 focus:outline-none focus:ring-2 focus:ring-blue-500"[39m
          [33mtype[39m=[32m"button"[39m
        [36m>[39m
          [0mCreate Course[0m
        [36m</button>[39m
        [36m<button[39m
          [33mclass[39m=[32m"px-3 py-2 text-sm font-medium rounded-md bg-blue-600 text-white 
hover:bg-blue-700 disabled:opacity-50 focus:outline-none focus:ring-2 focus:ring-blue-500"[39m
          [33mtype[39m=[32m"button"[39m
        [36m>[39m
          [0mCreate Segment[0m
        [36m</button>[39m
        [36m<button[39m
          [33mclass[39m=[32m"px-3 py-2 text-sm font-medium rounded-md border border-gray-300 
dark:border-gray-600 text-gray-700 dark:text-gray-200 hover:bg-gray-100 dark:hover:bg-gray-700 
focus:outline-none focus:ring-2 focus:ring-blue-500"[39m
          [33mtype[39m=[32m"button"[39m
        [36m>[39m
          [0mChoose new activity[0m
        [36m</button>[39m
        [36m<button[39m
          [33mclass[39m=[32m"px-3 py-2 text-sm font-medium rounded-md border border-gray-300 
dark:border-gray-600 text-gray-700 dark:text-gray-200 hover:bg-gray-100 dark:hover:bg-gray-700 
focus:outline-none focus:ring-2 focus:ring-blue-500"[39m
          [33mtype[39m=[32m"button"[39m
        [36m>[39m
          [0mNew segment from same activity[0m
        [36m</button>[39m
      [36m</div>[39m
    [36m</div>[39m
  [36m</div>[39m
[36m</body>[39m

Ignored nodes: comments, script, style
[36m<body>[39m
  [36m<div>[39m
    [36m<div[39m
      [33mclass[39m=[32m"space-y-3"[39m
    [36m>[39m
      [36m<div[39m
        [33mclass[39m=[32m"bg-white dark:bg-gray-800 border border-gray-200 
dark:border-gray-700 rounded-md p-3"[39m
      [36m>[39m
        [36m<p[39m
          [33mclass[39m=[32m"text-sm text-gray-700 dark:text-gray-300"[39m
        [36m>[39m
          [0mID# [0m
          [36m<span[39m
            [33mclass[39m=[32m"font-semibold tabular-nums"[39m
          [36m>[39m
            [0m24408723933[0m
          [36m</span>[39m
          [0m @[0m
          [0m [0m
          [0m18 Sep 2026[0m
          [0m | [0m
          [0m1.00[0m
          [0m mi[0m
        [36m</p>[39m
      [36m</div>[39m
      [36m<div[39m
        [33mclass[39m=[32m"max-w-md"[39m
      [36m>[39m
        [36m<label[39m
          [33mclass[39m=[32m"block text-xs font-medium text-gray-500 dark:text-gray-400 
mb-1"[39m
          [33mfor[39m=[32m"seg-name"[39m
        [36m>[39m
          [0mSegment Name[0m
        [36m</label>[39m
        [36m<input[39m
          [33mclass[39m=[32m"w-full rounded-md border border-gray-300 dark:border-gray-600 
bg-white dark:bg-gray-800 text-gray-900 dark:text-white px-3 py-1.5 text-sm focus:outline-none 
focus:ring-2 focus:ring-blue-500"[39m
          [33mid[39m=[32m"seg-name"[39m
          [33mmaxlength[39m=[32m"200"[39m
          [33mtype[39m=[32m"text"[39m
          [33mvalue[39m=[32m""[39m
        [36m/>[39m
      [36m</div>[39m
      [36m<div[39m
        [33mclass[39m=[32m"space-y-3"[39m
      [36m>[39m
        [36m<div[39m
          [33mclass[39m=[32m"max-w-xs"[39m
        [36m>[39m
          [36m<label[39m
            [33mclass[39m=[32m"block text-xs font-medium text-gray-500 dark:text-gray-400 
mb-1"[39m
            [33mfor[39m=[32m"seg-map-style"[39m
          [36m>[39m
            [0mMap Style[0m
          [36m</label>[39m
          [36m<select[39m
            [33mclass[39m=[32m"w-full rounded-md border border-gray-300 dark:border-gray-600 
bg-white dark:bg-gray-800 text-gray-900 dark:text-white px-3 py-1.5 text-sm focus:outline-none 
focus:ring-2 focus:ring-blue-500 disabled:opacity-60"[39m
            [33mid[39m=[32m"seg-map-style"[39m
          [36m>[39m
            [36m<option[39m
              [33mvalue[39m=[32m"positron"[39m
            [36m>[39m
              [0mPositron[0m
            [36m</option>[39m
          [36m</select>[39m
        [36m</div>[39m
        [36m<div[39m
          [33maria-label[39m=[32m"Trimmed route from 500 to 1112 meters"[39m
          [33mclass[39m=[32m"w-full rounded-md overflow-hidden border border-gray-200 
dark:border-gray-700 "[39m
          [33mrole[39m=[32m"img"[39m
          [33mstyle[39m=[32m"height: 240px;"[39m
        [36m/>[39m
        [36m<div[39m
          [33mclass[39m=[32m"grid gap-3 grid-cols-1"[39m
        [36m>[39m
          [36m<div>[39m
            [36m<p[39m
              [33mclass[39m=[32m"text-xs font-medium text-gray-500 dark:text-gray-400 
mb-1"[39m
            [36m>[39m
              [0mStart gate ┬╖ first [0m
              [0m150[0m
              [0m m[0m
            [36m</p>[39m
            [36m<div[39m
              [33maria-label[39m=[32m"Route near the start gate at 500 meters"[39m
              [33mclass[39m=[32m"w-full rounded-md overflow-hidden border border-gray-200 
dark:border-gray-700 "[39m
              [33mrole[39m=[32m"img"[39m
              [33mstyle[39m=[32m"height: 150px;"[39m
            [36m/>[39m
          [36m</div>[39m
          [36m<div>[39m
            [36m<p[39m
              [33mclass[39m=[32m"text-xs font-medium text-gray-500 dark:text-gray-400 
mb-1"[39m
            [36m>[39m
              [0mEnd gate ┬╖ last [0m
              [0m150[0m
              [0m m[0m
            [36m</p>[39m
            [36m<div[39m
              [33maria-label[39m=[32m"Route near the end gate at 1112 meters"[39m
              [33mclass[39m=[32m"w-full rounded-md overflow-hidden border border-gray-200 
dark:border-gray-700 "[39m
              [33mrole[39m=[32m"img"[39m
              [33mstyle[39m=[32m"height: 150px;"[39m
            [36m/>[39m
          [36m</div>[39m
        [36m</div>[39m
        [36m<div[39m
          [33mdata-testid[39m=[32m"elevation"[39m
        [36m/>[39m
      [36m</div>[39m
      [36m<div[39m
        [33mclass[39m=[32m"grid grid-cols-1 sm:grid-cols-2 gap-3"[39m
      [36m>[39m
        [36m<div>[39m
          [36m<label[39m
            [33mclass[39m=[32m"block text-xs font-medium text-gray-500 dark:text-gray-400 
mb-1"[39m
            [33mfor[39m=[32m"seg-gate-start"[39m
          [36m>[39m
            [0mSelect start gate[0m
          [36m</label>[39m
          [36m<input[39m
            [33mclass[39m=[32m"w-full rounded-md border border-gray-300 dark:border-gray-600 
bg-white dark:bg-gray-800 text-gray-900 dark:text-white px-3 py-1.5 text-sm tabular-nums 
focus:outline-none focus:ring-2 focus:ring-blue-500"[39m
            [33mid[39m=[32m"seg-gate-start"[39m
            [33mmax[39m=[32m"1112"[39m
            [33mmin[39m=[32m"0"[39m
            [33mstep[39m=[32m"5"[39m
            [33mtype[39m=[32m"number"[39m
            [33mvalue[39m=[32m"0"[39m
          [36m/>[39m
        [36m</div>[39m
        [36m<div>[39m
          [36m<label[39m
            [33mclass[39m=[32m"block text-xs font-medium text-gray-500 dark:text-gray-400 
mb-1"[39m
            [33mfor[39m=[32m"seg-gate-end"[39m
          [36m>[39m
            [0mSelect end gate[0m
          [36m</label>[39m
          [36m<input[39m
            [33mclass[39m=[32m"w-full rounded-md border border-gray-300 dark:border-gray-600 
bg-white dark:bg-gray-800 text-gray-900 dark:text-white px-3 py-1.5 text-sm tabular-nums 
focus:outline-none focus:ring-2 focus:ring-blue-500"[39m
            [33mid[39m=[32m"seg-gate-end"[39m
            [33mmax[39m=[32m"1112"[39m
            [33mmin[39m=[32m"0"[39m
            [33mstep[39m=[32m"5"[39m
            [33mtype[39m=[32m"number"[39m
            [33mvalue[39m=[32m"1112"[39m
          [36m/>[39m
        [36m</div>[39m
      [36m</div>[39m
      [36m<p[39m
        [33mclass[39m=[32m"text-xs text-gray-500 dark:text-gray-400"[39m
      [36m>[39m
        [0mSelected range: [0m
        [0m500[0m
        [0mΓÇô[0m
        [0m1112[0m
        [0m m ([0m
        [0m0.38[0m
        [0m mi)[0m
      [36m</p>[39m
      [36m<div[39m
        [33mclass[39m=[32m"flex flex-wrap items-center gap-2"[39m
      [36m>[39m
        [36m<button[39m
          [33mclass[39m=[32m"px-3 py-2 text-sm font-medium rounded-md bg-blue-600 text-white 
hover:bg-blue-700 disabled:opacity-50 focus:outline-none focus:ring-2 focus:ring-blue-500"[39m
          [33mtype[39m=[32m"button"[39m
        [36m>[39m
          [0mCreate Course[0m
        [36m</button>[39m
        [36m<button[39m
          [33mclass[39m=[32m"px-3 py-2 text-sm font-medium rounded-md bg-blue-600 text-white 
hover:bg-blue-700 disabled:opacity-50 focus:outline-none focus:ring-2 focus:ring-blue-500"[39m
          [33mtype[39m=[32m"button"[39m
        [36m>[39m
          [0mCreate Segment[0m
        [36m</button>[39m
        [36m<button[39m
          [33mclass[39m=[32m"px-3 py-2 text-sm font-medium rounded-md border border-gray-300 
dark:border-gray-600 text-gray-700 dark:text-gray-200 hover:bg-gray-100 dark:hover:bg-gray-700 
focus:outline-none focus:ring-2 focus:ring-blue-500"[39m
          [33mtype[39m=[32m"button"[39m
        [36m>[39m
          [0mChoose new activity[0m
        [36m</button>[39m
        [36m<button[39m
          [33mclass[39m=[32m"px-3 py-2 text-sm font-medium rounded-md border border-gray-300 
dark:border-gray-600 text-gray-700 dark:text-gray-200 hover:bg-gray-100 dark:hover:bg-gray-700 
focus:outline-none focus:ring-2 focus:ring-blue-500"[39m
          [33mtype[39m=[32m"button"[39m
        [36m>[39m
          [0mNew segment from same activity[0m
        [36m</button>[39m
      [36m</div>[39m
    [36m</div>[39m
  [36m</div>[39m
[36m</body>[39m
[90m [2mΓ¥»[22m waitForWrapper 
node_modules/@testing-library/dom/dist/wait-for.js:[2m163:27[22m[39m
[90m [2mΓ¥»[22m node_modules/@testing-library/dom/dist/query-helpers.js:[2m86:33[22m[39m
[36m [2mΓ¥»[22m src/app/activities/segment-management/components/__tests__/SegmentTrimEditor.
test.tsx:[2m101:25[22m[39m
    [90m 99|[39m     await userEvent.type(startGate, '500');
    [90m100|[39m
    [90m101|[39m     expect(await screen.findByText(/Selected range: 500ΓÇô1111 m \(0\.38ΓÇª
    [90m   |[39m                         [31m^[39m
    [90m102|[39m   });
    [90m103|[39m

[31m[2mΓÄ»ΓÄ»ΓÄ»ΓÄ»ΓÄ»ΓÄ»ΓÄ»ΓÄ»ΓÄ»ΓÄ»ΓÄ»ΓÄ»ΓÄ»ΓÄ»ΓÄ»ΓÄ»ΓÄ»ΓÄ»ΓÄ»ΓÄ»ΓÄ»ΓÄ»ΓÄ»ΓÄ»[2/3]ΓÄ»[22m[
39m

[41m[1m FAIL [22m[49m 
src/app/activities/segment-management/components/__tests__/SegmentTrimEditor.test.tsx[2m > 
[22mSegmentTrimEditor[2m > [22msends the gate meters and chosen kind, then confirms the new 
id (AC-5)
[31m[1mAssertionError[22m[39m: expected "vi.fn()" to be called with arguments: [ { 
activity_id: 24408723933, ΓÇª(5) } ][90m

Received:

[1m  1st vi.fn() call:

[22m[33m@@ -1,9 +1,9 @@[90m
[2m  [[22m
[2m    {[22m
[2m      "activity_id": 24408723933,[22m
[32m-     "end_m": 1111,[90m
[31m+     "end_m": 1112,[90m
[2m      "is_course": true,[22m
[2m      "map_style": "positron",[22m
[2m      "name": "Test Course",[22m
[2m      "start_m": 0,[22m
[2m    },[22m
[39m[90m

Number of calls: [1m1[22m
[39m

Ignored nodes: comments, script, style
[36m<html>[39m
  [36m<head />[39m
  [36m<body>[39m
    [36m<div>[39m
      [36m<div[39m
        [33mclass[39m=[32m"space-y-3"[39m
      [36m>[39m
        [36m<div[39m
          [33mclass[39m=[32m"bg-white dark:bg-gray-800 border border-gray-200 
dark:border-gray-700 rounded-md p-3"[39m
        [36m>[39m
          [36m<p[39m
            [33mclass[39m=[32m"text-sm text-gray-700 dark:text-gray-300"[39m
          [36m>[39m
            [0mID# [0m
            [36m<span[39m
              [33mclass[39m=[32m"font-semibold tabular-nums"[39m
            [36m>[39m
              [0m24408723933[0m
            [36m</span>[39m
            [0m @[0m
            [0m [0m
            [0m18 Sep 2026[0m
            [0m | [0m
            [0m1.00[0m
            [0m mi[0m
          [36m</p>[39m
        [36m</div>[39m
        [36m<div[39m
          [33mclass[39m=[32m"max-w-md"[39m
        [36m>[39m
          [36m<label[39m
            [33mclass[39m=[32m"block text-xs font-medium text-gray-500 dark:text-gray-400 
mb-1"[39m
            [33mfor[39m=[32m"seg-name"[39m
          [36m>[39m
            [0mSegment Name[0m
          [36m</label>[39m
          [36m<input[39m
            [33mclass[39m=[32m"w-full rounded-md border border-gray-300 dark:border-gray-600 
bg-white dark:bg-gray-800 text-gray-900 dark:text-white px-3 py-1.5 text-sm focus:outline-none 
focus:ring-2 focus:ring-blue-500"[39m
            [33mid[39m=[32m"seg-name"[39m
            [33mmaxlength[39m=[32m"200"[39m
            [33mtype[39m=[32m"text"[39m
            [33mvalue[39m=[32m"Test Course"[39m
          [36m/>[39m
        [36m</div>[39m
        [36m<div[39m
          [33mclass[39m=[32m"space-y-3"[39m
        [36m>[39m
          [36m<div[39m
            [33mclass[39m=[32m"max-w-xs"[39m
          [36m>[39m
            [36m<label[39m
              [33mclass[39m=[32m"block text-xs font-medium text-gray-500 dark:text-gray-400 
mb-1"[39m
              [33mfor[39m=[32m"seg-map-style"[39m
            [36m>[39m
              [0mMap Style[0m
            [36m</label>[39m
            [36m<select[39m
              [33mclass[39m=[32m"w-full rounded-md border border-gray-300 
dark:border-gray-600 bg-white dark:bg-gray-800 text-gray-900 dark:text-white px-3 py-1.5 
text-sm focus:outline-none focus:ring-2 focus:ring-blue-500 disabled:opacity-60"[39m
              [33mid[39m=[32m"seg-map-style"[39m
            [36m>[39m
              [36m<option[39m
                [33mvalue[39m=[32m"positron"[39m
              [36m>[39m
                [0mPositron[0m
              [36m</option>[39m
            [36m</select>[39m
          [36m</div>[39m
          [36m<div[39m
            [33maria-label[39m=[32m"Trimmed route from 0 to 1112 meters"[39m
            [33mclass[39m=[32m"w-full rounded-md overflow-hidden border border-gray-200 
dark:border-gray-700 "[39m
            [33mrole[39m=[32m"img"[39m
            [33mstyle[39m=[32m"height: 240px;"[39m
          [36m/>[39m
          [36m<div[39m
            [33mclass[39m=[32m"grid gap-3 grid-cols-1"[39m
          [36m>[39m
            [36m<div>[39m
              [36m<p[39m
                [33mclass[39m=[32m"text-xs font-medium text-gray-500 dark:text-gray-400 
mb-1"[39m
              [36m>[39m
                [0mStart gate ┬╖ first [0m
                [0m150[0m
                [0m m[0m
              [36m</p>[39m
              [36m<div[39m
                [33maria-label[39m=[32m"Route near the start gate at 0 meters"[39m
                [33mclass[39m=[32m"w-full rounded-md overflow-hidden border border-gray-200 
dark:border-gray-700 "[39m
                [33mrole[39m=[32m"img"[39m
                [33mstyle[39m=[32m"height: 150px;"[39m
              [36m/>[39m
            [36m</div>[39m
            [36m<div>[39m
              [36m<p[39m
                [33mclass[39m=[32m"text-xs font-medium text-gray-500 dark:text-gray-400 
mb-1"[39m
              [36m>[39m
                [0mEnd gate ┬╖ last [0m
                [0m150[0m
                [0m m[0m
              [36m</p>[39m
              [36m<div[39m
                [33maria-label[39m=[32m"Route near the end gate at 1112 meters"[39m
                [33mclass[39m=[32m"w-full rounded-md overflow-hidden border border-gray-200 
dark:border-gray-700 "[39m
                [33mrole[39m=[32m"img"[39m
                [33mstyle[39m=[32m"height: 150px;"[39m
              [36m/>[39m
            [36m</div>[39m
          [36m</div>[39m
          [36m<div[39m
            [33mdata-testid[39m=[32m"elevation"[39m
          [36m/>[39m
        [36m</div>[39m
        [36m<div[39m
          [33mclass[39m=[32m"grid grid-cols-1 sm:grid-cols-2 gap-3"[39m
        [36m>[39m
          [36m<div>[39m
            [36m<label[39m
              [33mclass[39m=[32m"block text-xs font-medium text-gray-500 dark:text-gray-400 
mb-1"[39m
              [33mfor[39m=[32m"seg-gate-start"[39m
            [36m>[39m
              [0mSelect start gate[0m
            [36m</label>[39m
            [36m<input[39m
              [33mclass[39m=[32m"w-full rounded-md border border-gray-300 
dark:border-gray-600 bg-white dark:bg-gray-800 text-gray-900 dark:text-white px-3 py-1.5 
text-sm tabular-nums focus:outline-none focus:ring-2 focus:ring-blue-500"[39m
              [33mid[39m=[32m"seg-gate-start"[39m
              [33mmax[39m=[32m"1112"[39m
              [33mmin[39m=[32m"0"[39m
              [33mstep[39m=[32m"5"[39m
              [33mtype[39m=[32m"number"[39m
              [33mvalue[39m=[32m"0"[39m
            [36m/>[39m
          [36m</div>[39m
          [36m<div>[39m
            [36m<label[39m
              [33mclass[39m=[32m"block text-xs font-medium text-gray-500 dark:text-gray-400 
mb-1"[39m
              [33mfor[39m=[32m"seg-gate-end"[39m
            [36m>[39m
              [0mSelect end gate[0m
            [36m</label>[39m
            [36m<input[39m
              [33mclass[39m=[32m"w-full rounded-md border border-gray-300 
dark:border-gray-600 bg-white dark:bg-gray-800 text-gray-900 dark:text-white px-3 py-1.5 
text-sm tabular-nums focus:outline-none focus:ring-2 focus:ring-blue-500"[39m
              [33mid[39m=[32m"seg-gate-end"[39m
              [33mmax[39m=[32m"1112"[39m
              [33mmin[39m=[32m"0"[39m
              [33mstep[39m=[32m"5"[39m
              [33mtype[39m=[32m"number"[39m
              [33mvalue[39m=[32m"1112"[39m
            [36m/>[39m
          [36m</div>[39m
        [36m</div>[39m
        [36m<p[39m
          [33mclass[39m=[32m"text-xs text-gray-500 dark:text-gray-400"[39m
        [36m>[39m
          [0mSelected range: [0m
          [0m0[0m
          [0mΓÇô[0m
          [0m1112[0m
          [0m m ([0m
          [0m0.69[0m
          [0m mi)[0m
        [36m</p>[39m
        [36m<div[39m
          [33mclass[39m=[32m"flex flex-wrap items-center gap-2"[39m
        [36m>[39m
          [36m<button[39m
            [33mclass[39m=[32m"px-3 py-2 text-sm font-medium rounded-md bg-blue-600 
text-white hover:bg-blue-700 disabled:opacity-50 focus:outline-none focus:ring-2 
focus:ring-blue-500"[39m
            [33mtype[39m=[32m"button"[39m
          [36m>[39m
            [0mCreate Course[0m
          [36m</button>[39m
          [36m<button[39m
            [33mclass[39m=[32m"px-3 py-2 text-sm font-medium rounded-md bg-blue-600 
text-white hover:bg-blue-700 disabled:opacity-50 focus:outline-none focus:ring-2 
focus:ring-blue-500"[39m
            [33mtype[39m=[32m"button"[39m
          [36m>[39m
            [0mCreate Segment[0m
          [36m</button>[39m
          [36m<button[39m
            [33mclass[39m=[32m"px-3 py-2 text-sm font-medium rounded-md border 
border-gray-300 dark:border-gray-600 text-gray-700 dark:text-gray-200 hover:bg-gray-100 
dark:hover:bg-gray-700 focus:outline-none focus:ring-2 focus:ring-blue-500"[39m
            [33mtype[39m=[32m"button"[39m
          [36m>[39m
            [0mChoose new activity[0m
          [36m</button>[39m
          [36m<button[39m
            [33mclass[39m=[32m"px-3 py-2 text-sm font-medium rounded-md border 
border-gray-300 dark:border-gray-600 text-gray-700 dark:text-gray-200 hover:bg-gray-100 
dark:hover:bg-gray-700 focus:outline-none focus:ring-2 focus:ring-blue-500"[39m
            [33mtype[39m=[32m"button"[39m
          [36m>[39m
            [0mNew segment from same activity[0m
          [36m</button>[39m
        [36m</div>[39m
        [36m<p[39m
          [33mclass[39m=[32m"text-sm text-green-700 dark:text-green-400 bg-green-50 
dark:bg-green-900/20 border border-green-200 dark:border-green-800 rounded-md p-3"[39m
          [33mrole[39m=[32m"status"[39m
        [36m>[39m
          [0mCourse[0m
          [0m ΓÇ£[0m
          [0mTest Course[0m
          [0mΓÇ¥ created as ID#[0m
          [0m [0m
          [36m<span[39m
            [33mclass[39m=[32m"font-semibold tabular-nums"[39m
          [36m>[39m
            [0m555[0m
          [36m</span>[39m
        [36m</p>[39m
      [36m</div>[39m
    [36m</div>[39m
  [36m</body>[39m

[2m Test Files [22m [1m[31m1 failed[39m[22m[2m | [22m[1m[32m7 passed[39m[22m[90m (8)[39m
[2m      Tests [22m [1m[31m3 failed[39m[22m[2m | [22m[1m[32m63 passed[39m[22m[90m (66)[39m
[2m   Start at [22m 17:17:03
[2m   Duration [22m 5.90s[2m (environment 45%, tests 36%, setup 9%, transform 7%, import 3%)[22m

[36m</html>[39m
[36m [2mΓ¥»[22m src/app/activities/segment-management/components/__tests__/SegmentTrimEditor.
test.tsx:[2m112:29[22m[39m
    [90m110|[39m
    [90m111|[39m     await waitFor(() =>
    [90m112|[39m       expect(createSegment).toHaveBeenCalledWith({
    [90m   |[39m                             [31m^[39m
    [90m113|[39m         activity_id: 24408723933,
    [90m114|[39m         start_m: 0,
[90m [2mΓ¥»[22m runWithExpensiveErrorDiagnosticsDisabled 
node_modules/@testing-library/dom/dist/config.js:[2m47:12[22m[39m
[90m [2mΓ¥»[22m checkCallback 
node_modules/@testing-library/dom/dist/wait-for.js:[2m124:77[22m[39m
[90m [2mΓ¥»[22m Timeout.checkRealTimersCallback 
node_modules/@testing-library/dom/dist/wait-for.js:[2m118:16[22m[39m

[31m[2mΓÄ»ΓÄ»ΓÄ»ΓÄ»ΓÄ»ΓÄ»ΓÄ»ΓÄ»ΓÄ»ΓÄ»ΓÄ»ΓÄ»ΓÄ»ΓÄ»ΓÄ»ΓÄ»ΓÄ»ΓÄ»ΓÄ»ΓÄ»ΓÄ»ΓÄ»ΓÄ»ΓÄ»[3/3]ΓÄ»[22m[
39m

