
> pifitness-frontend@0.1.0 build
> next build

Γû▓ Next.js 16.2.9 (Turbopack)

  Creating an optimized production build ...
Γ£ô Compiled successfully in 12.8s
  Running TypeScript ...
  Finished TypeScript in 4.8s ...
  Collecting page data using 17 workers ...
  Generating static pages using 17 workers (0/16) ...
  Generating static pages using 17 workers (4/16) 
  Generating static pages using 17 workers (8/16) 
  Generating static pages using 17 workers (12/16) 
Γ£ô Generating static pages using 17 workers (16/16) in 790ms
  Finalizing page optimization ...

Route (app)
Γöî Γùï /
Γö£ Γùï /_not-found
Γö£ Γùï /activities
Γö£ Γùï /activities/activity-processing
Γö£ Γùï /activities/beach
Γö£ Γùï /activities/leaderboards
Γö£ Γùï /activities/recent-activity
Γö£ Γùï /activities/segment-management
Γö£ Γùï /admin
Γö£ Γùï /beachchanger
Γö£ Γùï /exercises
Γö£ Γùï /food
Γö£ Γùï /health
Γö£ Γùï /music
Γöö Γùï /running


Γùï  (Static)  prerendered as static content

